2026-09-20T09:06:11+08:00
Linux user1-virtual-machine 6.8.0-138-generic #138~22.04.1-Ubuntu SMP PREEMPT_DYNAMIC Fri Aug  7 13:43:15 UTC  x86_64 x86_64 x86_64 GNU/Linux
/usr/bin/python3
Python 3.10.12
Name: torch
Version: 2.9.1
Summary: Tensors and Dynamic neural networks in Python with strong GPU acceleration
Home-page: 
Author: 
Author-email: PyTorch Team <packages@pytorch.org>
License: BSD-3-Clause
Location: /home/simin/.local/lib/python3.10/site-packages
Requires: filelock, fsspec, jinja2, networkx, nvidia-cublas-cu12, nvidia-cuda-cupti-cu12, nvidia-cuda-nvrtc-cu12, nvidia-cuda-runtime-cu12, nvidia-cudnn-cu12, nvidia-cufft-cu12, nvidia-cufile-cu12, nvidia-curand-cu12, nvidia-cusolver-cu12, nvidia-cusparse-cu12, nvidia-cusparselt-cu12, nvidia-nccl-cu12, nvidia-nvjitlink-cu12, nvidia-nvshmem-cu12, nvidia-nvtx-cu12, sympy, triton, typing-extensions
Required-by: accelerate, bitsandbytes, medmnist, peft, sentence-transformers, timm, torchvision
Sun Sep 20 09:06:15 2026       
+-----------------------------------------------------------------------------------------+
| NVIDIA-SMI 570.211.01             Driver Version: 570.211.01     CUDA Version: 12.8     |
|-----------------------------------------+------------------------+----------------------+
| GPU  Name                 Persistence-M | Bus-Id          Disp.A | Volatile Uncorr. ECC |
| Fan  Temp   Perf          Pwr:Usage/Cap |           Memory-Usage | GPU-Util  Compute M. |
|                                         |                        |               MIG M. |
|=========================================+========================+======================|
|   0  NVIDIA GeForce RTX 4090 D      Off |   00000000:03:00.0 Off |                  Off |
| 33%   44C    P0             47W /  425W |       1MiB /  24564MiB |      0%      Default |
|                                         |                        |                  N/A |
+-----------------------------------------+------------------------+----------------------+
                                                                                         
+-----------------------------------------------------------------------------------------+
| Processes:                                                                              |
|  GPU   GI   CI              PID   Type   Process name                        GPU Memory |
|        ID   ID                                                               Usage      |
|=========================================================================================|
|  No running processes found                                                             |
+-----------------------------------------------------------------------------------------+
Filesystem      Size  Used Avail Use% Mounted on
/dev/sda2       137G  130G  1.5G  99% /
a0dbde1c5c6299dc6b7afec03049c8acd9261e63bce09d115279dcf036c09422  task3_training_budget.py
