1 MiB
1 MiB
1 MiB
1 MiB
1 MiB
1 MiB
1 MiB
4 MiB
4 MiB
4 MiB
356 MiB
356 MiB
356 MiB
356 MiB
356 MiB
356 MiB
356 MiB
356 MiB
356 MiB
356 MiB
7060 MiB
7194 MiB
7302 MiB
7410 MiB
7506 MiB
7580 MiB
7688 MiB
7796 MiB
7898 MiB
7998 MiB
8098 MiB
8168 MiB
8274 MiB
8372 MiB
8472 MiB
8580 MiB
8678 MiB
8744 MiB
8846 MiB
8938 MiB
9044 MiB
9140 MiB
9242 MiB
9328 MiB
9420 MiB
9522 MiB
9622 MiB
9726 MiB
9824 MiB
9920 MiB
9964 MiB
10066 MiB
10170 MiB
10198 MiB
10198 MiB
10198 MiB
10198 MiB
10198 MiB
10220 MiB
10272 MiB
10284 MiB
10288 MiB
10288 MiB
10320 MiB
10320 MiB
10332 MiB
10332 MiB
10332 MiB
10336 MiB
10336 MiB
10336 MiB
10336 MiB
10336 MiB
10336 MiB
10336 MiB
10336 MiB
10336 MiB
10336 MiB
10336 MiB
10336 MiB
10336 MiB
10336 MiB
10336 MiB
10336 MiB
10336 MiB
10344 MiB
10344 MiB
10344 MiB
10344 MiB
10344 MiB
10356 MiB
10356 MiB
10356 MiB
10356 MiB
10356 MiB
10356 MiB
10356 MiB
10356 MiB
10356 MiB
10356 MiB
10356 MiB
10356 MiB
10356 MiB
10356 MiB
10356 MiB
10356 MiB
10356 MiB
10356 MiB
10356 MiB
10356 MiB
10356 MiB
10356 MiB
10356 MiB
10356 MiB
10356 MiB
10356 MiB
10356 MiB
10356 MiB
10356 MiB
10356 MiB
10356 MiB
10356 MiB
10356 MiB
10356 MiB
10356 MiB
10356 MiB
10356 MiB
10356 MiB
10356 MiB
10356 MiB
10356 MiB
10356 MiB
10356 MiB
10356 MiB
10356 MiB
10356 MiB
10356 MiB
10356 MiB
10356 MiB
10356 MiB
10356 MiB
10356 MiB
10356 MiB
10356 MiB
10356 MiB
10356 MiB
10356 MiB
10356 MiB
10356 MiB
10356 MiB
10356 MiB
10356 MiB
10356 MiB
10356 MiB
10356 MiB
10356 MiB
10356 MiB
10356 MiB
10356 MiB
10356 MiB
10356 MiB
10356 MiB
10356 MiB
10356 MiB
10356 MiB
10356 MiB
10356 MiB
10356 MiB
10356 MiB
10356 MiB
10356 MiB
10356 MiB
10356 MiB
10356 MiB
10356 MiB
10356 MiB
10356 MiB
10356 MiB
10356 MiB
10356 MiB
10360 MiB
10368 MiB
10368 MiB
10368 MiB
10368 MiB
10368 MiB
10368 MiB
10368 MiB
10368 MiB
10368 MiB
10368 MiB
10368 MiB
10368 MiB
10368 MiB
10368 MiB
10368 MiB
10368 MiB
10368 MiB
10368 MiB
10368 MiB
10368 MiB
10368 MiB
10368 MiB
10368 MiB
10368 MiB
10368 MiB
10368 MiB
10368 MiB
10368 MiB
10368 MiB
10368 MiB
10368 MiB
10368 MiB
10368 MiB
10368 MiB
10368 MiB
10368 MiB
10368 MiB
10368 MiB
10368 MiB
10368 MiB
10368 MiB
10368 MiB
10368 MiB
10368 MiB
10368 MiB
10368 MiB
10368 MiB
10368 MiB
10368 MiB
10368 MiB
10368 MiB
10368 MiB
10368 MiB
10368 MiB
10368 MiB
10368 MiB
10368 MiB
10368 MiB
10368 MiB
10368 MiB
10368 MiB
10368 MiB
10368 MiB
10368 MiB
10368 MiB
10368 MiB
10368 MiB
10368 MiB
10368 MiB
10368 MiB
10368 MiB
10368 MiB
10368 MiB
10368 MiB
10368 MiB
10368 MiB
10368 MiB
10368 MiB
10368 MiB
10368 MiB
10368 MiB
10368 MiB
10368 MiB
10368 MiB
10368 MiB
10368 MiB
10368 MiB
10368 MiB
10368 MiB
10368 MiB
10368 MiB
10368 MiB
10368 MiB
10368 MiB
10368 MiB
10368 MiB
10368 MiB
10368 MiB
10368 MiB
10368 MiB
10368 MiB
10368 MiB
10368 MiB
10368 MiB
10368 MiB
10368 MiB
10368 MiB
10368 MiB
10368 MiB
10368 MiB
10368 MiB
10368 MiB
10368 MiB
10368 MiB
10368 MiB
10368 MiB
10368 MiB
10368 MiB
10368 MiB
10368 MiB
10368 MiB
10368 MiB
10368 MiB
10368 MiB
10368 MiB
10368 MiB
10368 MiB
10368 MiB
10368 MiB
10368 MiB
10368 MiB
10368 MiB
10368 MiB
10368 MiB
10368 MiB
10368 MiB
10368 MiB
10368 MiB
10368 MiB
10368 MiB
10368 MiB
10368 MiB
10368 MiB
10368 MiB
10368 MiB
10368 MiB
10368 MiB
10368 MiB
10368 MiB
10368 MiB
10368 MiB
10368 MiB
10368 MiB
10368 MiB
10368 MiB
10368 MiB
10368 MiB
10368 MiB
10368 MiB
10368 MiB
10368 MiB
10368 MiB
10368 MiB
10368 MiB
10368 MiB
10368 MiB
10368 MiB
10368 MiB
10368 MiB
10368 MiB
10368 MiB
10368 MiB
10368 MiB
10368 MiB
10368 MiB
10368 MiB
10368 MiB
10368 MiB
10368 MiB
10368 MiB
10368 MiB
10368 MiB
10368 MiB
10368 MiB
10368 MiB
10368 MiB
10368 MiB
10368 MiB
10368 MiB
10368 MiB
10368 MiB
10368 MiB
10368 MiB
10368 MiB
10368 MiB
10368 MiB
10368 MiB
10368 MiB
10368 MiB
10368 MiB
10368 MiB
10368 MiB
10368 MiB
10368 MiB
10368 MiB
10368 MiB
10368 MiB
10368 MiB
10368 MiB
10368 MiB
10368 MiB
10368 MiB
10368 MiB
10368 MiB
10368 MiB
10368 MiB
10368 MiB
10368 MiB
10368 MiB
10368 MiB
10368 MiB
10368 MiB
10368 MiB
10368 MiB
10368 MiB
10368 MiB
10368 MiB
10368 MiB
10368 MiB
10368 MiB
10368 MiB
10368 MiB
10368 MiB
10368 MiB
10368 MiB
10368 MiB
10368 MiB
10368 MiB
10368 MiB
10368 MiB
10368 MiB
10368 MiB
10368 MiB
10368 MiB
10368 MiB
10368 MiB
10368 MiB
10368 MiB
10368 MiB
10368 MiB
10368 MiB
10368 MiB
10368 MiB
10368 MiB
10368 MiB
10368 MiB
10368 MiB
10368 MiB
10368 MiB
10368 MiB
10368 MiB
10368 MiB
10368 MiB
10368 MiB
10368 MiB
10368 MiB
10368 MiB
10368 MiB
10368 MiB
10368 MiB
10368 MiB
10368 MiB
10368 MiB
10368 MiB
10368 MiB
10368 MiB
10368 MiB
10368 MiB
10368 MiB
10368 MiB
10368 MiB
10368 MiB
10368 MiB
10368 MiB
10368 MiB
10368 MiB
10368 MiB
10368 MiB
10368 MiB
10368 MiB
10368 MiB
10368 MiB
10368 MiB
10368 MiB
10368 MiB
10368 MiB
10368 MiB
10368 MiB
10368 MiB
10368 MiB
10368 MiB
10368 MiB
10368 MiB
10368 MiB
10368 MiB
10368 MiB
10368 MiB
10368 MiB
10368 MiB
10368 MiB
10368 MiB
10368 MiB
10368 MiB
10368 MiB
10368 MiB
10368 MiB
10368 MiB
10368 MiB
10368 MiB
10368 MiB
10368 MiB
10368 MiB
10368 MiB
10368 MiB
10368 MiB
10368 MiB
10368 MiB
10368 MiB
10368 MiB
10368 MiB
10368 MiB
10368 MiB
10368 MiB
10368 MiB
10368 MiB
10368 MiB
10368 MiB
10368 MiB
10368 MiB
10368 MiB
10368 MiB
10368 MiB
10368 MiB
10368 MiB
10368 MiB
10368 MiB
10368 MiB
10368 MiB
10368 MiB
10368 MiB
10368 MiB
10368 MiB
10368 MiB
10368 MiB
10368 MiB
10368 MiB
10368 MiB
10368 MiB
10368 MiB
10368 MiB
10368 MiB
10368 MiB
10368 MiB
10368 MiB
10368 MiB
10368 MiB
10368 MiB
10368 MiB
10368 MiB
10368 MiB
10368 MiB
10368 MiB
10368 MiB
10368 MiB
10368 MiB
10368 MiB
10368 MiB
10368 MiB
10368 MiB
10368 MiB
10368 MiB
10368 MiB
10368 MiB
10368 MiB
10368 MiB
10368 MiB
10368 MiB
10368 MiB
10368 MiB
10368 MiB
10368 MiB
10368 MiB
10368 MiB
10368 MiB
10368 MiB
10368 MiB
10368 MiB
10368 MiB
10368 MiB
10368 MiB
10368 MiB
10368 MiB
10368 MiB
10368 MiB
10368 MiB
10368 MiB
10368 MiB
10368 MiB
10368 MiB
10368 MiB
10368 MiB
10368 MiB
10368 MiB
10368 MiB
10368 MiB
10368 MiB
10368 MiB
10368 MiB
10368 MiB
10368 MiB
10368 MiB
10368 MiB
10368 MiB
10368 MiB
10368 MiB
10368 MiB
10368 MiB
10368 MiB
10368 MiB
10368 MiB
10368 MiB
10368 MiB
10368 MiB
10368 MiB
10368 MiB
10368 MiB
10368 MiB
10368 MiB
10368 MiB
10368 MiB
10368 MiB
10368 MiB
10368 MiB
10368 MiB
10368 MiB
10368 MiB
10368 MiB
10368 MiB
10368 MiB
10368 MiB
10368 MiB
10368 MiB
10368 MiB
10368 MiB
10368 MiB
10368 MiB
10368 MiB
10368 MiB
10368 MiB
10368 MiB
10368 MiB
10368 MiB
10368 MiB
10368 MiB
10368 MiB
10368 MiB
10368 MiB
10368 MiB
10368 MiB
10368 MiB
10368 MiB
10368 MiB
10368 MiB
10368 MiB
10368 MiB
10368 MiB
10368 MiB
10368 MiB
10368 MiB
10368 MiB
10368 MiB
10368 MiB
10368 MiB
10368 MiB
10368 MiB
10368 MiB
10368 MiB
10368 MiB
10368 MiB
10368 MiB
10368 MiB
10368 MiB
10368 MiB
10368 MiB
10368 MiB
10368 MiB
10368 MiB
10368 MiB
10368 MiB
10368 MiB
10368 MiB
10368 MiB
10368 MiB
10368 MiB
10368 MiB
10368 MiB
10368 MiB
10368 MiB
10368 MiB
10368 MiB
10368 MiB
10368 MiB
10368 MiB
10368 MiB
10368 MiB
10368 MiB
10368 MiB
10368 MiB
10368 MiB
10368 MiB
10368 MiB
10368 MiB
10368 MiB
10368 MiB
10368 MiB
10368 MiB
10368 MiB
10368 MiB
10368 MiB
10368 MiB
10368 MiB
10368 MiB
10368 MiB
10368 MiB
10368 MiB
10368 MiB
10368 MiB
10368 MiB
10368 MiB
10368 MiB
10368 MiB
10368 MiB
10368 MiB
10368 MiB
10368 MiB
10368 MiB
10368 MiB
10368 MiB
10368 MiB
10368 MiB
10368 MiB
10368 MiB
10368 MiB
10368 MiB
10368 MiB
10368 MiB
10368 MiB
10368 MiB
10368 MiB
10368 MiB
10368 MiB
10368 MiB
10368 MiB
10368 MiB
10368 MiB
10368 MiB
10368 MiB
10368 MiB
10368 MiB
10368 MiB
10368 MiB
10368 MiB
10368 MiB
10368 MiB
10368 MiB
10368 MiB
10368 MiB
10368 MiB
10368 MiB
10368 MiB
10368 MiB
10368 MiB
10368 MiB
10368 MiB
10368 MiB
10368 MiB
10368 MiB
10368 MiB
10368 MiB
10368 MiB
10368 MiB
10368 MiB
10368 MiB
10368 MiB
10368 MiB
10368 MiB
10368 MiB
10368 MiB
10368 MiB
10368 MiB
10368 MiB
10368 MiB
10368 MiB
10368 MiB
10368 MiB
10368 MiB
10368 MiB
10368 MiB
10368 MiB
10368 MiB
10368 MiB
10368 MiB
10368 MiB
10368 MiB
10368 MiB
10368 MiB
10368 MiB
10368 MiB
10368 MiB
10368 MiB
10368 MiB
10368 MiB
10368 MiB
10368 MiB
10368 MiB
