1 MiB
1 MiB
1 MiB
1 MiB
1 MiB
1 MiB
1 MiB
4 MiB
4 MiB
4 MiB
88 MiB
356 MiB
356 MiB
356 MiB
356 MiB
356 MiB
356 MiB
356 MiB
356 MiB
6956 MiB
7116 MiB
7220 MiB
7326 MiB
7426 MiB
7528 MiB
7602 MiB
7706 MiB
7808 MiB
7908 MiB
8008 MiB
8104 MiB
8172 MiB
8274 MiB
8372 MiB
8466 MiB
8572 MiB
8668 MiB
8736 MiB
8832 MiB
8928 MiB
9024 MiB
9122 MiB
9220 MiB
9328 MiB
9396 MiB
9498 MiB
9596 MiB
9698 MiB
9798 MiB
9894 MiB
9934 MiB
10038 MiB
10140 MiB
10198 MiB
10198 MiB
10198 MiB
10198 MiB
10198 MiB
10216 MiB
10222 MiB
10306 MiB
10306 MiB
10306 MiB
10306 MiB
10306 MiB
10306 MiB
10306 MiB
10306 MiB
10312 MiB
10312 MiB
10312 MiB
10312 MiB
10312 MiB
10312 MiB
10332 MiB
10344 MiB
10344 MiB
10344 MiB
10344 MiB
10344 MiB
10344 MiB
10344 MiB
10344 MiB
10344 MiB
10344 MiB
10348 MiB
10348 MiB
10348 MiB
10348 MiB
10348 MiB
10348 MiB
10348 MiB
10348 MiB
10348 MiB
10348 MiB
10348 MiB
10348 MiB
10348 MiB
10348 MiB
10348 MiB
10348 MiB
10348 MiB
10348 MiB
10348 MiB
10348 MiB
10348 MiB
10348 MiB
10348 MiB
10348 MiB
10348 MiB
10348 MiB
10348 MiB
10348 MiB
10348 MiB
10348 MiB
10348 MiB
10348 MiB
10348 MiB
10348 MiB
10348 MiB
10348 MiB
10348 MiB
10348 MiB
10348 MiB
10348 MiB
10348 MiB
10348 MiB
10348 MiB
10348 MiB
10348 MiB
10348 MiB
10348 MiB
10348 MiB
10348 MiB
10348 MiB
10348 MiB
10348 MiB
10348 MiB
10348 MiB
10348 MiB
10348 MiB
10348 MiB
10348 MiB
10348 MiB
10348 MiB
10348 MiB
10348 MiB
10348 MiB
10348 MiB
10348 MiB
10348 MiB
10348 MiB
10348 MiB
10348 MiB
10348 MiB
10348 MiB
10348 MiB
10348 MiB
10348 MiB
10348 MiB
10348 MiB
10348 MiB
10348 MiB
10348 MiB
10348 MiB
10348 MiB
10348 MiB
10348 MiB
10348 MiB
10348 MiB
10348 MiB
10348 MiB
10348 MiB
10348 MiB
10348 MiB
10348 MiB
10348 MiB
10348 MiB
10348 MiB
10348 MiB
10348 MiB
10348 MiB
10348 MiB
10348 MiB
10348 MiB
10348 MiB
10348 MiB
10348 MiB
10348 MiB
10348 MiB
10348 MiB
10348 MiB
10348 MiB
10348 MiB
10348 MiB
10348 MiB
10348 MiB
10348 MiB
10348 MiB
10348 MiB
10348 MiB
10354 MiB
10362 MiB
10374 MiB
10374 MiB
10374 MiB
10374 MiB
10374 MiB
10374 MiB
10374 MiB
10374 MiB
10374 MiB
10374 MiB
10374 MiB
10374 MiB
10374 MiB
10374 MiB
10374 MiB
10374 MiB
10374 MiB
10374 MiB
10374 MiB
10374 MiB
10374 MiB
10374 MiB
10374 MiB
10374 MiB
10374 MiB
10374 MiB
10374 MiB
10374 MiB
10374 MiB
10374 MiB
10374 MiB
10374 MiB
10374 MiB
10374 MiB
10374 MiB
10374 MiB
10374 MiB
10374 MiB
10374 MiB
10374 MiB
10374 MiB
10374 MiB
10374 MiB
10374 MiB
10374 MiB
10374 MiB
10374 MiB
10374 MiB
10374 MiB
10374 MiB
10374 MiB
10374 MiB
10374 MiB
10374 MiB
10374 MiB
10374 MiB
10374 MiB
10374 MiB
10374 MiB
10374 MiB
10374 MiB
10374 MiB
10374 MiB
10374 MiB
10374 MiB
10374 MiB
10374 MiB
10374 MiB
10374 MiB
10374 MiB
10374 MiB
10374 MiB
10374 MiB
10374 MiB
10374 MiB
10374 MiB
10374 MiB
10374 MiB
10374 MiB
10374 MiB
10374 MiB
10374 MiB
10374 MiB
10374 MiB
10374 MiB
10374 MiB
10374 MiB
10374 MiB
10374 MiB
10374 MiB
10374 MiB
10374 MiB
10374 MiB
10374 MiB
10374 MiB
10374 MiB
10374 MiB
10374 MiB
10374 MiB
10374 MiB
10374 MiB
10374 MiB
10374 MiB
10374 MiB
10374 MiB
10374 MiB
10374 MiB
10374 MiB
10374 MiB
10374 MiB
10374 MiB
10374 MiB
10374 MiB
10374 MiB
10374 MiB
10374 MiB
10374 MiB
10374 MiB
10374 MiB
10374 MiB
10374 MiB
10374 MiB
10374 MiB
10374 MiB
10374 MiB
10374 MiB
10374 MiB
10374 MiB
10374 MiB
10374 MiB
10374 MiB
10374 MiB
10374 MiB
10374 MiB
10374 MiB
10374 MiB
10374 MiB
10374 MiB
10374 MiB
10374 MiB
10374 MiB
10374 MiB
10374 MiB
10374 MiB
10374 MiB
10374 MiB
10374 MiB
10374 MiB
10374 MiB
10374 MiB
10374 MiB
10374 MiB
10374 MiB
10374 MiB
10374 MiB
10374 MiB
10374 MiB
10374 MiB
10374 MiB
10374 MiB
10374 MiB
10374 MiB
10374 MiB
10374 MiB
10374 MiB
10374 MiB
10374 MiB
10374 MiB
10374 MiB
10374 MiB
10374 MiB
10374 MiB
10374 MiB
10374 MiB
10374 MiB
10374 MiB
10374 MiB
10374 MiB
10374 MiB
10374 MiB
10374 MiB
10374 MiB
10374 MiB
10374 MiB
10374 MiB
10374 MiB
10374 MiB
10374 MiB
10374 MiB
10374 MiB
10374 MiB
10374 MiB
10374 MiB
10374 MiB
10374 MiB
10374 MiB
10374 MiB
10374 MiB
10374 MiB
10374 MiB
10374 MiB
10374 MiB
10374 MiB
10374 MiB
10374 MiB
10374 MiB
10374 MiB
10374 MiB
10374 MiB
10374 MiB
10374 MiB
10374 MiB
10374 MiB
10374 MiB
10374 MiB
10374 MiB
10374 MiB
10374 MiB
10374 MiB
10374 MiB
10374 MiB
10374 MiB
10374 MiB
10374 MiB
10374 MiB
10374 MiB
10374 MiB
10374 MiB
10374 MiB
10374 MiB
10374 MiB
10374 MiB
10374 MiB
10374 MiB
10374 MiB
10374 MiB
10374 MiB
10374 MiB
10374 MiB
10374 MiB
10374 MiB
10374 MiB
10374 MiB
10374 MiB
10374 MiB
10374 MiB
10374 MiB
10374 MiB
10374 MiB
10374 MiB
10374 MiB
10374 MiB
10374 MiB
10374 MiB
10374 MiB
10374 MiB
10374 MiB
10374 MiB
10374 MiB
10374 MiB
10374 MiB
10374 MiB
10374 MiB
10374 MiB
10374 MiB
10374 MiB
10374 MiB
10374 MiB
10374 MiB
10374 MiB
10374 MiB
10374 MiB
10374 MiB
10374 MiB
10374 MiB
10374 MiB
10374 MiB
10374 MiB
10374 MiB
10374 MiB
10374 MiB
10374 MiB
10374 MiB
10374 MiB
10374 MiB
10374 MiB
10374 MiB
10374 MiB
10374 MiB
10374 MiB
10374 MiB
10374 MiB
10374 MiB
10374 MiB
10374 MiB
10374 MiB
10374 MiB
10374 MiB
10374 MiB
10374 MiB
10374 MiB
10374 MiB
10374 MiB
10374 MiB
10374 MiB
10374 MiB
10374 MiB
10374 MiB
10374 MiB
10374 MiB
10374 MiB
10374 MiB
10374 MiB
10374 MiB
10374 MiB
10374 MiB
10374 MiB
10374 MiB
10374 MiB
10374 MiB
10374 MiB
10374 MiB
10374 MiB
10374 MiB
10374 MiB
10374 MiB
10374 MiB
10374 MiB
10374 MiB
10374 MiB
10374 MiB
10374 MiB
10374 MiB
10374 MiB
10374 MiB
10374 MiB
10374 MiB
10374 MiB
10374 MiB
10374 MiB
10374 MiB
10374 MiB
10374 MiB
10374 MiB
10374 MiB
10374 MiB
10374 MiB
10374 MiB
10374 MiB
10374 MiB
10374 MiB
10374 MiB
10374 MiB
10374 MiB
10374 MiB
10374 MiB
10374 MiB
10374 MiB
10374 MiB
10374 MiB
10374 MiB
10374 MiB
10374 MiB
10374 MiB
10374 MiB
10374 MiB
10374 MiB
10374 MiB
10374 MiB
10374 MiB
10374 MiB
10374 MiB
10374 MiB
10374 MiB
10374 MiB
10374 MiB
10374 MiB
10374 MiB
10374 MiB
10374 MiB
10374 MiB
10374 MiB
10374 MiB
10374 MiB
10374 MiB
10374 MiB
10374 MiB
10374 MiB
10374 MiB
10374 MiB
10374 MiB
10374 MiB
10374 MiB
10374 MiB
10374 MiB
10374 MiB
10374 MiB
10374 MiB
10374 MiB
10374 MiB
10374 MiB
10374 MiB
10374 MiB
10374 MiB
10374 MiB
10374 MiB
10374 MiB
10374 MiB
10374 MiB
10374 MiB
10374 MiB
10374 MiB
10374 MiB
10374 MiB
10374 MiB
10374 MiB
10374 MiB
10374 MiB
10374 MiB
10374 MiB
10374 MiB
10374 MiB
10374 MiB
10374 MiB
10374 MiB
10374 MiB
10374 MiB
10374 MiB
10374 MiB
10374 MiB
10374 MiB
10374 MiB
10374 MiB
10374 MiB
10374 MiB
10374 MiB
10374 MiB
10374 MiB
10374 MiB
10374 MiB
10374 MiB
10374 MiB
10374 MiB
10374 MiB
10374 MiB
10374 MiB
10374 MiB
10374 MiB
10374 MiB
10374 MiB
10374 MiB
10374 MiB
10374 MiB
10374 MiB
10374 MiB
10374 MiB
10374 MiB
10374 MiB
10374 MiB
10374 MiB
10374 MiB
10374 MiB
10374 MiB
10374 MiB
10374 MiB
10374 MiB
10374 MiB
10374 MiB
10374 MiB
10374 MiB
10374 MiB
10374 MiB
10374 MiB
10374 MiB
10374 MiB
10374 MiB
10374 MiB
10374 MiB
10374 MiB
10374 MiB
10374 MiB
10374 MiB
10374 MiB
10374 MiB
10374 MiB
10374 MiB
10374 MiB
10374 MiB
10374 MiB
10374 MiB
10374 MiB
10374 MiB
10374 MiB
10374 MiB
10374 MiB
10374 MiB
10374 MiB
10374 MiB
10374 MiB
10374 MiB
10374 MiB
10374 MiB
10374 MiB
10374 MiB
10374 MiB
10374 MiB
10374 MiB
10374 MiB
10374 MiB
10374 MiB
10374 MiB
10374 MiB
10374 MiB
10374 MiB
10374 MiB
10374 MiB
10374 MiB
10374 MiB
10374 MiB
10374 MiB
10374 MiB
10374 MiB
10374 MiB
10374 MiB
10374 MiB
10374 MiB
10374 MiB
10374 MiB
10374 MiB
10374 MiB
10374 MiB
10374 MiB
10374 MiB
10374 MiB
10374 MiB
10374 MiB
10374 MiB
10374 MiB
10374 MiB
10374 MiB
10374 MiB
10374 MiB
10374 MiB
10374 MiB
10374 MiB
10374 MiB
10374 MiB
10374 MiB
10374 MiB
10374 MiB
10374 MiB
10374 MiB
10374 MiB
10374 MiB
10374 MiB
10374 MiB
10374 MiB
10374 MiB
10374 MiB
10374 MiB
10374 MiB
10374 MiB
10374 MiB
10374 MiB
10374 MiB
10374 MiB
10374 MiB
10374 MiB
10374 MiB
10374 MiB
10374 MiB
10374 MiB
10374 MiB
10374 MiB
10374 MiB
10374 MiB
10374 MiB
10374 MiB
10374 MiB
10374 MiB
10374 MiB
10374 MiB
10374 MiB
10374 MiB
10374 MiB
10374 MiB
10374 MiB
10374 MiB
10374 MiB
10374 MiB
10374 MiB
10374 MiB
10374 MiB
10374 MiB
10374 MiB
10374 MiB
10374 MiB
10374 MiB
10374 MiB
10374 MiB
10374 MiB
10374 MiB
10374 MiB
10374 MiB
10374 MiB
10374 MiB
10374 MiB
10374 MiB
