1 MiB
1 MiB
1 MiB
1 MiB
1 MiB
1 MiB
4 MiB
4 MiB
4 MiB
4 MiB
356 MiB
356 MiB
356 MiB
356 MiB
356 MiB
356 MiB
356 MiB
356 MiB
356 MiB
356 MiB
6956 MiB
7076 MiB
7208 MiB
7304 MiB
7404 MiB
7500 MiB
7568 MiB
7672 MiB
7774 MiB
7866 MiB
7966 MiB
8062 MiB
8146 MiB
8224 MiB
8328 MiB
8424 MiB
8530 MiB
8628 MiB
8732 MiB
8794 MiB
8894 MiB
8988 MiB
9086 MiB
9184 MiB
9288 MiB
9356 MiB
9454 MiB
9556 MiB
9658 MiB
9764 MiB
9862 MiB
9920 MiB
10008 MiB
10114 MiB
10194 MiB
10198 MiB
10198 MiB
10198 MiB
10198 MiB
10220 MiB
10274 MiB
10324 MiB
10328 MiB
10328 MiB
10328 MiB
10328 MiB
10328 MiB
10328 MiB
10328 MiB
10328 MiB
10328 MiB
10328 MiB
10328 MiB
10328 MiB
10328 MiB
10328 MiB
10328 MiB
10328 MiB
10328 MiB
10328 MiB
10328 MiB
10328 MiB
10328 MiB
10330 MiB
10330 MiB
10330 MiB
10330 MiB
10330 MiB
10330 MiB
10330 MiB
10338 MiB
10340 MiB
10354 MiB
10370 MiB
10370 MiB
10370 MiB
10370 MiB
10370 MiB
10370 MiB
10370 MiB
10370 MiB
10370 MiB
10370 MiB
10370 MiB
10370 MiB
10370 MiB
10370 MiB
10370 MiB
10370 MiB
10370 MiB
10370 MiB
10370 MiB
10370 MiB
10370 MiB
10370 MiB
10370 MiB
10370 MiB
10370 MiB
10370 MiB
10370 MiB
10370 MiB
10370 MiB
10370 MiB
10370 MiB
10370 MiB
10370 MiB
10370 MiB
10370 MiB
10370 MiB
10370 MiB
10370 MiB
10370 MiB
10370 MiB
10370 MiB
10370 MiB
10370 MiB
10370 MiB
10370 MiB
10370 MiB
10370 MiB
10370 MiB
10370 MiB
10370 MiB
10370 MiB
10370 MiB
10370 MiB
10370 MiB
10370 MiB
10370 MiB
10370 MiB
10370 MiB
10370 MiB
10370 MiB
10370 MiB
10370 MiB
10370 MiB
10370 MiB
10370 MiB
10370 MiB
10370 MiB
10370 MiB
10370 MiB
10370 MiB
10370 MiB
10370 MiB
10370 MiB
10370 MiB
10370 MiB
10370 MiB
10370 MiB
10370 MiB
10370 MiB
10370 MiB
10370 MiB
10370 MiB
10370 MiB
10370 MiB
10370 MiB
10370 MiB
10370 MiB
10370 MiB
10370 MiB
10370 MiB
10370 MiB
10370 MiB
10370 MiB
10370 MiB
10370 MiB
10370 MiB
10370 MiB
10370 MiB
10370 MiB
10370 MiB
10370 MiB
10370 MiB
10370 MiB
10370 MiB
10370 MiB
10370 MiB
10370 MiB
10370 MiB
10370 MiB
10370 MiB
10370 MiB
10370 MiB
10370 MiB
10370 MiB
10370 MiB
10370 MiB
10370 MiB
10370 MiB
10370 MiB
10370 MiB
10370 MiB
10370 MiB
10370 MiB
10370 MiB
10370 MiB
10370 MiB
10370 MiB
10370 MiB
10370 MiB
10370 MiB
10370 MiB
10370 MiB
10370 MiB
10370 MiB
10370 MiB
10370 MiB
10370 MiB
10370 MiB
10370 MiB
10370 MiB
10370 MiB
10370 MiB
10370 MiB
10370 MiB
10370 MiB
10370 MiB
10370 MiB
10370 MiB
10370 MiB
10370 MiB
10370 MiB
10370 MiB
10370 MiB
10370 MiB
10370 MiB
10370 MiB
10370 MiB
10370 MiB
10370 MiB
10370 MiB
10370 MiB
10370 MiB
10370 MiB
10370 MiB
10370 MiB
10370 MiB
10370 MiB
10370 MiB
10370 MiB
10370 MiB
10370 MiB
10370 MiB
10370 MiB
10370 MiB
10370 MiB
10370 MiB
10370 MiB
10370 MiB
10370 MiB
10370 MiB
10370 MiB
10370 MiB
10370 MiB
10370 MiB
10370 MiB
10370 MiB
10370 MiB
10370 MiB
10370 MiB
10370 MiB
10370 MiB
10370 MiB
10370 MiB
10370 MiB
10370 MiB
10370 MiB
10370 MiB
10370 MiB
10370 MiB
10370 MiB
10370 MiB
10370 MiB
10370 MiB
10370 MiB
10370 MiB
10370 MiB
10370 MiB
10370 MiB
10370 MiB
10370 MiB
10370 MiB
10370 MiB
10370 MiB
10370 MiB
10370 MiB
10370 MiB
10370 MiB
10370 MiB
10370 MiB
10370 MiB
10370 MiB
10370 MiB
10370 MiB
10370 MiB
10370 MiB
10370 MiB
10370 MiB
10370 MiB
10370 MiB
10370 MiB
10370 MiB
10370 MiB
10370 MiB
10370 MiB
10370 MiB
10370 MiB
10370 MiB
10370 MiB
10370 MiB
10370 MiB
10370 MiB
10370 MiB
10370 MiB
10370 MiB
10370 MiB
10370 MiB
10370 MiB
10370 MiB
10370 MiB
10370 MiB
10370 MiB
10370 MiB
10370 MiB
10370 MiB
10370 MiB
10370 MiB
10370 MiB
10370 MiB
10370 MiB
10370 MiB
10370 MiB
10370 MiB
10370 MiB
10370 MiB
10370 MiB
10370 MiB
10370 MiB
10370 MiB
10370 MiB
10370 MiB
10370 MiB
10370 MiB
10370 MiB
10370 MiB
10370 MiB
10370 MiB
10370 MiB
10370 MiB
10370 MiB
10370 MiB
10370 MiB
10370 MiB
10370 MiB
10370 MiB
10370 MiB
10370 MiB
10370 MiB
10370 MiB
10370 MiB
10370 MiB
10370 MiB
10370 MiB
10370 MiB
10370 MiB
10370 MiB
10370 MiB
10370 MiB
10370 MiB
10370 MiB
10370 MiB
10370 MiB
10370 MiB
10370 MiB
10370 MiB
10370 MiB
10370 MiB
10370 MiB
10370 MiB
10370 MiB
10370 MiB
10370 MiB
10370 MiB
10370 MiB
10370 MiB
10370 MiB
10370 MiB
10370 MiB
10370 MiB
10370 MiB
10370 MiB
10370 MiB
10370 MiB
10370 MiB
10370 MiB
10370 MiB
10370 MiB
10370 MiB
10370 MiB
10370 MiB
10370 MiB
10370 MiB
10370 MiB
10370 MiB
10370 MiB
10370 MiB
10370 MiB
10370 MiB
10370 MiB
10370 MiB
10370 MiB
10370 MiB
10370 MiB
10370 MiB
10370 MiB
10370 MiB
10370 MiB
10370 MiB
10370 MiB
10370 MiB
10370 MiB
10370 MiB
10370 MiB
10370 MiB
10370 MiB
10370 MiB
10370 MiB
10370 MiB
10370 MiB
10370 MiB
10370 MiB
10370 MiB
10370 MiB
10370 MiB
10370 MiB
10370 MiB
10370 MiB
10370 MiB
10370 MiB
10370 MiB
10370 MiB
10370 MiB
10370 MiB
10370 MiB
10370 MiB
10370 MiB
10370 MiB
10370 MiB
10370 MiB
10370 MiB
10370 MiB
10370 MiB
10370 MiB
10370 MiB
10370 MiB
10370 MiB
10370 MiB
10370 MiB
10370 MiB
10370 MiB
10370 MiB
10370 MiB
10370 MiB
10370 MiB
10370 MiB
10370 MiB
10370 MiB
10370 MiB
10370 MiB
10370 MiB
10370 MiB
10370 MiB
10370 MiB
10370 MiB
10370 MiB
10370 MiB
10370 MiB
10370 MiB
10370 MiB
10370 MiB
10370 MiB
10370 MiB
10370 MiB
10370 MiB
10370 MiB
10370 MiB
10370 MiB
10370 MiB
10370 MiB
10370 MiB
10370 MiB
10370 MiB
10370 MiB
10370 MiB
10370 MiB
10370 MiB
10370 MiB
10370 MiB
10370 MiB
10370 MiB
10370 MiB
10370 MiB
10370 MiB
10370 MiB
10370 MiB
10370 MiB
10370 MiB
10370 MiB
10370 MiB
10370 MiB
10370 MiB
10370 MiB
10370 MiB
10370 MiB
10370 MiB
10370 MiB
10370 MiB
10370 MiB
10370 MiB
10370 MiB
10370 MiB
10370 MiB
10370 MiB
10374 MiB
10374 MiB
10374 MiB
10374 MiB
10374 MiB
10374 MiB
10374 MiB
10374 MiB
10374 MiB
10374 MiB
10374 MiB
10374 MiB
10374 MiB
10374 MiB
10374 MiB
10374 MiB
10374 MiB
10374 MiB
10374 MiB
10374 MiB
10374 MiB
10374 MiB
10374 MiB
10374 MiB
10374 MiB
10374 MiB
10374 MiB
10374 MiB
10374 MiB
10374 MiB
10374 MiB
10374 MiB
10374 MiB
10374 MiB
10374 MiB
10374 MiB
10374 MiB
10374 MiB
10374 MiB
10374 MiB
10374 MiB
10374 MiB
10374 MiB
10374 MiB
10374 MiB
10374 MiB
10374 MiB
10374 MiB
10374 MiB
10374 MiB
10374 MiB
10374 MiB
10374 MiB
10374 MiB
10374 MiB
10374 MiB
10374 MiB
10374 MiB
10374 MiB
10374 MiB
10374 MiB
10374 MiB
10374 MiB
10374 MiB
10374 MiB
10374 MiB
10374 MiB
10374 MiB
10374 MiB
10374 MiB
10374 MiB
10374 MiB
10374 MiB
10374 MiB
10374 MiB
10374 MiB
10374 MiB
10374 MiB
10374 MiB
10374 MiB
10374 MiB
10374 MiB
10374 MiB
10374 MiB
10374 MiB
10374 MiB
10374 MiB
10374 MiB
10374 MiB
10374 MiB
10374 MiB
10374 MiB
10374 MiB
10374 MiB
10374 MiB
10374 MiB
10374 MiB
10374 MiB
10374 MiB
10374 MiB
10374 MiB
10374 MiB
10374 MiB
10374 MiB
10374 MiB
10374 MiB
10374 MiB
10374 MiB
10374 MiB
10374 MiB
10374 MiB
10374 MiB
10374 MiB
10374 MiB
10374 MiB
10374 MiB
10374 MiB
10374 MiB
10374 MiB
10374 MiB
10374 MiB
10374 MiB
10374 MiB
10374 MiB
10374 MiB
10374 MiB
10374 MiB
10374 MiB
10374 MiB
10374 MiB
10374 MiB
10374 MiB
10374 MiB
10374 MiB
10374 MiB
10374 MiB
10374 MiB
10374 MiB
10374 MiB
10374 MiB
10374 MiB
10374 MiB
10374 MiB
10374 MiB
10374 MiB
10374 MiB
10374 MiB
10374 MiB
10374 MiB
10374 MiB
10374 MiB
10374 MiB
10374 MiB
10374 MiB
10374 MiB
10374 MiB
10374 MiB
10374 MiB
10374 MiB
10374 MiB
10374 MiB
10374 MiB
10374 MiB
10374 MiB
10374 MiB
10374 MiB
10374 MiB
10374 MiB
10374 MiB
10374 MiB
10374 MiB
10374 MiB
10374 MiB
10374 MiB
10374 MiB
10374 MiB
10374 MiB
10374 MiB
10374 MiB
10374 MiB
10374 MiB
10374 MiB
10374 MiB
10374 MiB
10374 MiB
10374 MiB
10374 MiB
10374 MiB
10374 MiB
10374 MiB
10374 MiB
10374 MiB
10374 MiB
10374 MiB
10374 MiB
10374 MiB
10374 MiB
10374 MiB
10374 MiB
10374 MiB
10374 MiB
10374 MiB
10374 MiB
10374 MiB
10374 MiB
10374 MiB
10374 MiB
10374 MiB
10374 MiB
10374 MiB
10374 MiB
10374 MiB
10374 MiB
10374 MiB
10374 MiB
10374 MiB
10374 MiB
10374 MiB
10374 MiB
10374 MiB
10374 MiB
10374 MiB
10374 MiB
10374 MiB
10374 MiB
10374 MiB
10374 MiB
10374 MiB
10374 MiB
10374 MiB
10374 MiB
10374 MiB
10374 MiB
10374 MiB
10374 MiB
10374 MiB
10374 MiB
10374 MiB
10374 MiB
10374 MiB
10374 MiB
10374 MiB
10374 MiB
10374 MiB
10374 MiB
10374 MiB
10374 MiB
10374 MiB
10374 MiB
10374 MiB
10374 MiB
10374 MiB
10374 MiB
10374 MiB
10374 MiB
10374 MiB
10374 MiB
10374 MiB
10374 MiB
10374 MiB
10374 MiB
10374 MiB
10374 MiB
10374 MiB
10374 MiB
10374 MiB
10374 MiB
10374 MiB
10374 MiB
10374 MiB
10374 MiB
10374 MiB
10374 MiB
10374 MiB
10374 MiB
10374 MiB
10374 MiB
10374 MiB
10374 MiB
10374 MiB
10374 MiB
10374 MiB
10374 MiB
10374 MiB
10374 MiB
10374 MiB
10374 MiB
10374 MiB
10374 MiB
10374 MiB
10374 MiB
10374 MiB
10374 MiB
10374 MiB
10374 MiB
10374 MiB
10374 MiB
10374 MiB
10374 MiB
10374 MiB
10374 MiB
10374 MiB
10374 MiB
10374 MiB
10374 MiB
10374 MiB
10374 MiB
10374 MiB
10374 MiB
10374 MiB
10374 MiB
10374 MiB
10374 MiB
10374 MiB
10374 MiB
10374 MiB
10374 MiB
10374 MiB
10374 MiB
10374 MiB
10374 MiB
10374 MiB
10374 MiB
10374 MiB
10374 MiB
10374 MiB
10374 MiB
10374 MiB
10374 MiB
10374 MiB
10374 MiB
10374 MiB
10374 MiB
10374 MiB
10374 MiB
10374 MiB
10374 MiB
10374 MiB
10374 MiB
10374 MiB
10374 MiB
10374 MiB
10374 MiB
10374 MiB
10376 MiB
10376 MiB
10376 MiB
10376 MiB
10376 MiB
10376 MiB
10376 MiB
10376 MiB
10376 MiB
10376 MiB
10376 MiB
10376 MiB
10376 MiB
10376 MiB
10376 MiB
10376 MiB
10376 MiB
10376 MiB
10376 MiB
10376 MiB
10376 MiB
10376 MiB
10376 MiB
10376 MiB
10376 MiB
10376 MiB
10376 MiB
10376 MiB
10376 MiB
10376 MiB
10376 MiB
10376 MiB
10376 MiB
10376 MiB
10376 MiB
10376 MiB
10376 MiB
10376 MiB
10376 MiB
10376 MiB
10376 MiB
10376 MiB
10376 MiB
10376 MiB
10376 MiB
10376 MiB
10376 MiB
10376 MiB
10376 MiB
10376 MiB
10376 MiB
10376 MiB
10376 MiB
10376 MiB
10376 MiB
10376 MiB
10376 MiB
10376 MiB
10376 MiB
10376 MiB
10376 MiB
10376 MiB
10376 MiB
10376 MiB
10376 MiB
10376 MiB
10376 MiB
10376 MiB
10376 MiB
10376 MiB
10376 MiB
10376 MiB
10376 MiB
10376 MiB
10376 MiB
10376 MiB
10376 MiB
10376 MiB
10376 MiB
10376 MiB
10376 MiB
10376 MiB
10376 MiB
10376 MiB
10376 MiB
10376 MiB
10376 MiB
10376 MiB
10376 MiB
10376 MiB
10376 MiB
10376 MiB
10376 MiB
10376 MiB
10376 MiB
10376 MiB
10376 MiB
10376 MiB
10376 MiB
10376 MiB
10376 MiB
10376 MiB
10376 MiB
10376 MiB
10376 MiB
10376 MiB
10376 MiB
10376 MiB
10376 MiB
10376 MiB
10376 MiB
10376 MiB
10376 MiB
10376 MiB
10376 MiB
10376 MiB
10376 MiB
10376 MiB
10376 MiB
10376 MiB
10376 MiB
10376 MiB
10376 MiB
10376 MiB
10376 MiB
10376 MiB
10376 MiB
10376 MiB
10376 MiB
10376 MiB
10376 MiB
10376 MiB
10376 MiB
10376 MiB
10376 MiB
10376 MiB
10376 MiB
10376 MiB
10376 MiB
10376 MiB
10376 MiB
10376 MiB
10376 MiB
10376 MiB
10376 MiB
10376 MiB
10376 MiB
10376 MiB
10376 MiB
10376 MiB
10376 MiB
10376 MiB
10376 MiB
10376 MiB
10376 MiB
10376 MiB
10376 MiB
10376 MiB
10376 MiB
10376 MiB
10376 MiB
10376 MiB
10376 MiB
10376 MiB
10376 MiB
10376 MiB
10376 MiB
10376 MiB
10376 MiB
10376 MiB
10376 MiB
10376 MiB
10376 MiB
10376 MiB
10376 MiB
10376 MiB
10376 MiB
10376 MiB
10376 MiB
10376 MiB
10376 MiB
10376 MiB
10376 MiB
10376 MiB
10376 MiB
10376 MiB
10376 MiB
10376 MiB
10376 MiB
10376 MiB
10376 MiB
10376 MiB
10376 MiB
10376 MiB
10376 MiB
10376 MiB
10376 MiB
10376 MiB
10376 MiB
10376 MiB
10376 MiB
10376 MiB
10376 MiB
10376 MiB
10376 MiB
10376 MiB
10376 MiB
10376 MiB
10376 MiB
10376 MiB
10376 MiB
10376 MiB
10376 MiB
10376 MiB
10376 MiB
10376 MiB
10376 MiB
10376 MiB
10376 MiB
10376 MiB
10376 MiB
10376 MiB
10376 MiB
10376 MiB
10376 MiB
10376 MiB
10376 MiB
10376 MiB
10376 MiB
10376 MiB
10376 MiB
10376 MiB
10376 MiB
10376 MiB
10376 MiB
10376 MiB
10376 MiB
10376 MiB
10376 MiB
10376 MiB
10376 MiB
10376 MiB
10376 MiB
10376 MiB
10376 MiB
10376 MiB
10376 MiB
10376 MiB
10376 MiB
10376 MiB
10376 MiB
10376 MiB
10376 MiB
10376 MiB
10376 MiB
10376 MiB
10376 MiB
10376 MiB
10376 MiB
10376 MiB
10376 MiB
10376 MiB
10376 MiB
10376 MiB
10376 MiB
10376 MiB
10376 MiB
10376 MiB
10376 MiB
10376 MiB
10376 MiB
10376 MiB
10376 MiB
10376 MiB
10376 MiB
10376 MiB
10376 MiB
10376 MiB
10376 MiB
10376 MiB
10376 MiB
10376 MiB
10376 MiB
10376 MiB
10376 MiB
10376 MiB
10376 MiB
10376 MiB
10376 MiB
10376 MiB
10376 MiB
10376 MiB
10376 MiB
10376 MiB
10376 MiB
10376 MiB
10376 MiB
10376 MiB
10376 MiB
10376 MiB
10376 MiB
10376 MiB
10376 MiB
10376 MiB
10376 MiB
10376 MiB
10376 MiB
10376 MiB
10376 MiB
10376 MiB
10376 MiB
10376 MiB
10376 MiB
10376 MiB
10376 MiB
10376 MiB
10376 MiB
10376 MiB
10376 MiB
10376 MiB
10376 MiB
10376 MiB
10376 MiB
10376 MiB
10376 MiB
10376 MiB
10376 MiB
10376 MiB
10376 MiB
10376 MiB
10376 MiB
10376 MiB
10376 MiB
10376 MiB
10376 MiB
10376 MiB
10376 MiB
10376 MiB
10376 MiB
10376 MiB
10376 MiB
10376 MiB
10376 MiB
10376 MiB
10376 MiB
10376 MiB
10376 MiB
10376 MiB
10376 MiB
10376 MiB
10376 MiB
10376 MiB
10376 MiB
10376 MiB
10376 MiB
10376 MiB
10376 MiB
10376 MiB
10376 MiB
10376 MiB
10376 MiB
10376 MiB
10376 MiB
10376 MiB
10376 MiB
10376 MiB
10376 MiB
10376 MiB
10376 MiB
10376 MiB
10376 MiB
10376 MiB
10376 MiB
10376 MiB
10376 MiB
10376 MiB
10376 MiB
10376 MiB
10376 MiB
10376 MiB
10376 MiB
10376 MiB
10376 MiB
10376 MiB
10376 MiB
10376 MiB
10376 MiB
10376 MiB
10376 MiB
10376 MiB
10376 MiB
10376 MiB
10376 MiB
10376 MiB
10376 MiB
10376 MiB
10376 MiB
10376 MiB
10376 MiB
10376 MiB
10376 MiB
10376 MiB
10376 MiB
10376 MiB
10376 MiB
10376 MiB
10376 MiB
10376 MiB
10376 MiB
10376 MiB
10376 MiB
10376 MiB
10376 MiB
10376 MiB
10376 MiB
10376 MiB
10376 MiB
10376 MiB
10376 MiB
10376 MiB
10376 MiB
10376 MiB
10376 MiB
10376 MiB
10376 MiB
10376 MiB
10376 MiB
10376 MiB
10376 MiB
10376 MiB
10376 MiB
10376 MiB
10376 MiB
10376 MiB
10376 MiB
10376 MiB
10376 MiB
10376 MiB
10376 MiB
10376 MiB
10376 MiB
10376 MiB
10376 MiB
10376 MiB
10376 MiB
10376 MiB
10376 MiB
10376 MiB
10376 MiB
10376 MiB
10376 MiB
10376 MiB
10376 MiB
10376 MiB
10376 MiB
10376 MiB
10376 MiB
10376 MiB
10376 MiB
10376 MiB
10376 MiB
10376 MiB
10376 MiB
10376 MiB
10376 MiB
10376 MiB
10376 MiB
10376 MiB
10376 MiB
10376 MiB
10376 MiB
10376 MiB
10376 MiB
10376 MiB
10376 MiB
10376 MiB
10376 MiB
10376 MiB
10376 MiB
10376 MiB
10376 MiB
10376 MiB
10376 MiB
10376 MiB
10376 MiB
10376 MiB
10376 MiB
10376 MiB
10376 MiB
10376 MiB
10376 MiB
10376 MiB
10376 MiB
10376 MiB
10376 MiB
10376 MiB
10376 MiB
10376 MiB
10376 MiB
10376 MiB
10376 MiB
10376 MiB
10376 MiB
10376 MiB
10376 MiB
10376 MiB
10376 MiB
10376 MiB
10376 MiB
10376 MiB
10376 MiB
10376 MiB
10376 MiB
10376 MiB
10376 MiB
10376 MiB
10376 MiB
10376 MiB
10376 MiB
10376 MiB
10376 MiB
10376 MiB
10376 MiB
10376 MiB
10376 MiB
10376 MiB
10376 MiB
10376 MiB
10376 MiB
10376 MiB
10376 MiB
10376 MiB
10376 MiB
10376 MiB
10376 MiB
10376 MiB
10376 MiB
10376 MiB
10376 MiB
10376 MiB
10376 MiB
10376 MiB
10376 MiB
10376 MiB
10376 MiB
10376 MiB
10376 MiB
10376 MiB
10376 MiB
10376 MiB
10376 MiB
10376 MiB
10376 MiB
10376 MiB
10376 MiB
10376 MiB
10376 MiB
10376 MiB
10376 MiB
10376 MiB
10376 MiB
10376 MiB
10376 MiB
10376 MiB
10376 MiB
10376 MiB
10376 MiB
10376 MiB
10376 MiB
10376 MiB
10376 MiB
10376 MiB
10376 MiB
10376 MiB
10376 MiB
10376 MiB
10376 MiB
10376 MiB
10376 MiB
10376 MiB
10376 MiB
10376 MiB
10376 MiB
10376 MiB
10376 MiB
10376 MiB
10376 MiB
10376 MiB
10376 MiB
10376 MiB
10376 MiB
10376 MiB
10376 MiB
10376 MiB
10376 MiB
10376 MiB
10376 MiB
10376 MiB
10376 MiB
10376 MiB
10376 MiB
10376 MiB
10376 MiB
10376 MiB
10376 MiB
10376 MiB
10376 MiB
10376 MiB
10376 MiB
10376 MiB
10376 MiB
10376 MiB
10376 MiB
10376 MiB
10376 MiB
10376 MiB
10376 MiB
10376 MiB
10376 MiB
10376 MiB
10376 MiB
10376 MiB
10376 MiB
10376 MiB
10376 MiB
10376 MiB
10376 MiB
10376 MiB
10376 MiB
10376 MiB
10376 MiB
10376 MiB
10376 MiB
10376 MiB
10376 MiB
10376 MiB
10376 MiB
10376 MiB
10376 MiB
10376 MiB
10376 MiB
10376 MiB
10376 MiB
10376 MiB
10376 MiB
10376 MiB
10376 MiB
10376 MiB
10376 MiB
10376 MiB
10376 MiB
10376 MiB
10376 MiB
10376 MiB
10376 MiB
10376 MiB
10376 MiB
10376 MiB
10376 MiB
10376 MiB
10376 MiB
10376 MiB
10376 MiB
10376 MiB
10376 MiB
10376 MiB
10376 MiB
10376 MiB
10376 MiB
10376 MiB
10376 MiB
10376 MiB
10376 MiB
10376 MiB
10376 MiB
10376 MiB
10376 MiB
10376 MiB
10376 MiB
10376 MiB
10376 MiB
10376 MiB
10376 MiB
10376 MiB
10376 MiB
10376 MiB
10376 MiB
10376 MiB
10376 MiB
10376 MiB
10376 MiB
10376 MiB
10376 MiB
10376 MiB
10376 MiB
10376 MiB
10376 MiB
10376 MiB
10376 MiB
10376 MiB
10376 MiB
10376 MiB
10376 MiB
10376 MiB
10376 MiB
10376 MiB
10376 MiB
10376 MiB
10376 MiB
10376 MiB
10376 MiB
10376 MiB
10376 MiB
10376 MiB
10376 MiB
10376 MiB
10376 MiB
10376 MiB
10376 MiB
10376 MiB
10376 MiB
10376 MiB
10376 MiB
10376 MiB
10376 MiB
10376 MiB
10376 MiB
10376 MiB
10376 MiB
10376 MiB
10376 MiB
10376 MiB
10376 MiB
10376 MiB
10376 MiB
10376 MiB
10376 MiB
10376 MiB
10376 MiB
10376 MiB
10376 MiB
10376 MiB
10376 MiB
10376 MiB
10376 MiB
10376 MiB
10376 MiB
10376 MiB
10376 MiB
10376 MiB
10376 MiB
10376 MiB
10376 MiB
10376 MiB
10376 MiB
10376 MiB
10376 MiB
10376 MiB
10376 MiB
10376 MiB
10376 MiB
10376 MiB
10376 MiB
10376 MiB
10376 MiB
10376 MiB
10376 MiB
10376 MiB
10376 MiB
10376 MiB
10376 MiB
10376 MiB
10376 MiB
10376 MiB
10376 MiB
10376 MiB
10376 MiB
10376 MiB
10376 MiB
10376 MiB
10376 MiB
10376 MiB
10376 MiB
10376 MiB
10376 MiB
10376 MiB
10376 MiB
10376 MiB
10376 MiB
10376 MiB
10376 MiB
10376 MiB
10376 MiB
10376 MiB
10376 MiB
10376 MiB
10376 MiB
10376 MiB
10376 MiB
10376 MiB
10376 MiB
10376 MiB
10376 MiB
10376 MiB
10376 MiB
10376 MiB
10376 MiB
10376 MiB
10376 MiB
10376 MiB
10376 MiB
10376 MiB
10376 MiB
10376 MiB
10376 MiB
10376 MiB
10376 MiB
10376 MiB
10376 MiB
10376 MiB
10376 MiB
10376 MiB
10376 MiB
10376 MiB
10376 MiB
10376 MiB
10376 MiB
10376 MiB
10376 MiB
10376 MiB
10376 MiB
10376 MiB
10376 MiB
10376 MiB
10376 MiB
10376 MiB
10376 MiB
10376 MiB
10376 MiB
10376 MiB
10376 MiB
10376 MiB
10376 MiB
10376 MiB
10376 MiB
10376 MiB
10376 MiB
10376 MiB
10376 MiB
10376 MiB
10376 MiB
10376 MiB
10376 MiB
10376 MiB
10376 MiB
10376 MiB
10378 MiB
10378 MiB
10378 MiB
10378 MiB
10378 MiB
10378 MiB
10378 MiB
10378 MiB
10378 MiB
10378 MiB
10378 MiB
10378 MiB
10378 MiB
10378 MiB
10378 MiB
10378 MiB
10378 MiB
10378 MiB
10378 MiB
10378 MiB
10378 MiB
10378 MiB
10378 MiB
10378 MiB
10378 MiB
10378 MiB
10378 MiB
10378 MiB
10378 MiB
10378 MiB
10378 MiB
10378 MiB
10378 MiB
10378 MiB
10378 MiB
10378 MiB
10378 MiB
10378 MiB
10378 MiB
10378 MiB
10378 MiB
10378 MiB
10378 MiB
10378 MiB
10378 MiB
10378 MiB
10378 MiB
10378 MiB
10378 MiB
10378 MiB
10378 MiB
10378 MiB
10378 MiB
10378 MiB
10378 MiB
10378 MiB
10378 MiB
10378 MiB
10378 MiB
10378 MiB
10378 MiB
10378 MiB
10378 MiB
10378 MiB
10378 MiB
10378 MiB
10378 MiB
10378 MiB
10378 MiB
10378 MiB
10378 MiB
10378 MiB
10378 MiB
10378 MiB
10378 MiB
10378 MiB
10378 MiB
10378 MiB
10378 MiB
10378 MiB
10378 MiB
10378 MiB
10378 MiB
10378 MiB
10378 MiB
10378 MiB
10378 MiB
10378 MiB
10378 MiB
10378 MiB
10378 MiB
10378 MiB
10378 MiB
10378 MiB
10378 MiB
10378 MiB
10378 MiB
10378 MiB
10378 MiB
10378 MiB
10378 MiB
10378 MiB
10378 MiB
10378 MiB
10378 MiB
10378 MiB
10378 MiB
10378 MiB
10378 MiB
