1 MiB
1 MiB
1 MiB
1 MiB
1 MiB
1 MiB
1 MiB
4 MiB
4 MiB
4 MiB
4 MiB
356 MiB
356 MiB
356 MiB
356 MiB
356 MiB
356 MiB
356 MiB
6956 MiB
7118 MiB
7236 MiB
7346 MiB
7446 MiB
7548 MiB
7624 MiB
7728 MiB
7826 MiB
7932 MiB
8032 MiB
8136 MiB
8208 MiB
8310 MiB
8402 MiB
8500 MiB
8604 MiB
8704 MiB
8766 MiB
8866 MiB
8960 MiB
9064 MiB
9162 MiB
9266 MiB
9342 MiB
9444 MiB
9548 MiB
9652 MiB
9754 MiB
9852 MiB
9920 MiB
10000 MiB
10106 MiB
10194 MiB
10198 MiB
10198 MiB
10198 MiB
10198 MiB
10220 MiB
10222 MiB
10312 MiB
10320 MiB
10324 MiB
10324 MiB
10324 MiB
10324 MiB
10324 MiB
10324 MiB
10324 MiB
10324 MiB
10324 MiB
10324 MiB
10324 MiB
10324 MiB
10324 MiB
10324 MiB
10324 MiB
10324 MiB
10324 MiB
10326 MiB
10326 MiB
10336 MiB
10338 MiB
10338 MiB
10338 MiB
10338 MiB
10338 MiB
10338 MiB
10338 MiB
10338 MiB
10338 MiB
10342 MiB
10352 MiB
10352 MiB
10352 MiB
10352 MiB
10352 MiB
10352 MiB
10352 MiB
10352 MiB
10352 MiB
10352 MiB
10352 MiB
10352 MiB
10352 MiB
10352 MiB
10352 MiB
10352 MiB
10352 MiB
10352 MiB
10352 MiB
10352 MiB
10352 MiB
10352 MiB
10352 MiB
10352 MiB
10352 MiB
10352 MiB
10352 MiB
10352 MiB
10352 MiB
10352 MiB
10352 MiB
10352 MiB
10352 MiB
10352 MiB
10352 MiB
10352 MiB
10352 MiB
10352 MiB
10352 MiB
10352 MiB
10352 MiB
10352 MiB
10352 MiB
10352 MiB
10352 MiB
10352 MiB
10352 MiB
10352 MiB
10352 MiB
10352 MiB
10358 MiB
10358 MiB
10358 MiB
10358 MiB
10358 MiB
10358 MiB
10358 MiB
10358 MiB
10358 MiB
10358 MiB
10358 MiB
10358 MiB
10358 MiB
10358 MiB
10358 MiB
10358 MiB
10358 MiB
10358 MiB
10358 MiB
10358 MiB
10362 MiB
10362 MiB
10362 MiB
10362 MiB
10362 MiB
10362 MiB
10362 MiB
10362 MiB
10362 MiB
10362 MiB
10362 MiB
10362 MiB
10362 MiB
10362 MiB
10362 MiB
10362 MiB
10362 MiB
10362 MiB
10362 MiB
10362 MiB
10362 MiB
10362 MiB
10362 MiB
10362 MiB
10362 MiB
10362 MiB
10362 MiB
10362 MiB
10362 MiB
10362 MiB
10362 MiB
10362 MiB
10362 MiB
10362 MiB
10362 MiB
10362 MiB
10362 MiB
10362 MiB
10362 MiB
10362 MiB
10362 MiB
10362 MiB
10362 MiB
10362 MiB
10362 MiB
10362 MiB
10362 MiB
10362 MiB
10362 MiB
10362 MiB
10362 MiB
10362 MiB
10362 MiB
10362 MiB
10362 MiB
10362 MiB
10362 MiB
10362 MiB
10362 MiB
10362 MiB
10368 MiB
10368 MiB
10368 MiB
10368 MiB
10368 MiB
10368 MiB
10368 MiB
10368 MiB
10368 MiB
10368 MiB
10368 MiB
10368 MiB
10368 MiB
10368 MiB
10368 MiB
10368 MiB
10368 MiB
10368 MiB
10368 MiB
10368 MiB
10368 MiB
10368 MiB
10368 MiB
10368 MiB
10368 MiB
10368 MiB
10368 MiB
10368 MiB
10368 MiB
10368 MiB
10368 MiB
10368 MiB
10368 MiB
10368 MiB
10368 MiB
10368 MiB
10368 MiB
10374 MiB
10374 MiB
10374 MiB
10374 MiB
10374 MiB
10374 MiB
10374 MiB
10374 MiB
10374 MiB
10374 MiB
10374 MiB
10374 MiB
10374 MiB
10374 MiB
10374 MiB
10374 MiB
10374 MiB
10374 MiB
10374 MiB
10374 MiB
10374 MiB
10374 MiB
10374 MiB
10374 MiB
10374 MiB
10374 MiB
10374 MiB
10374 MiB
10374 MiB
10374 MiB
10374 MiB
10374 MiB
10374 MiB
10374 MiB
10374 MiB
10374 MiB
10374 MiB
10374 MiB
10374 MiB
10374 MiB
10374 MiB
10374 MiB
10374 MiB
10374 MiB
10374 MiB
10374 MiB
10374 MiB
10374 MiB
10374 MiB
10374 MiB
10374 MiB
10374 MiB
10374 MiB
10374 MiB
10374 MiB
10374 MiB
10374 MiB
10374 MiB
10374 MiB
10374 MiB
10374 MiB
10374 MiB
10374 MiB
10374 MiB
10374 MiB
10374 MiB
10374 MiB
10374 MiB
10374 MiB
10374 MiB
10374 MiB
10374 MiB
10374 MiB
10374 MiB
10374 MiB
10374 MiB
10374 MiB
10374 MiB
10374 MiB
10374 MiB
10374 MiB
10374 MiB
10374 MiB
10374 MiB
10374 MiB
10374 MiB
10374 MiB
10374 MiB
10374 MiB
10374 MiB
10374 MiB
10374 MiB
10374 MiB
10374 MiB
10374 MiB
10374 MiB
10374 MiB
10374 MiB
10374 MiB
10374 MiB
10374 MiB
10374 MiB
10374 MiB
10374 MiB
10374 MiB
10374 MiB
10374 MiB
10374 MiB
10374 MiB
10374 MiB
10374 MiB
10374 MiB
10374 MiB
10374 MiB
10374 MiB
10374 MiB
10374 MiB
10374 MiB
10374 MiB
10374 MiB
10374 MiB
10374 MiB
10374 MiB
10374 MiB
10374 MiB
10374 MiB
10374 MiB
10374 MiB
10374 MiB
10374 MiB
10374 MiB
10374 MiB
10374 MiB
10374 MiB
10374 MiB
10374 MiB
10374 MiB
10374 MiB
10374 MiB
10374 MiB
10374 MiB
10374 MiB
10374 MiB
10374 MiB
10374 MiB
10374 MiB
10374 MiB
10374 MiB
10374 MiB
10374 MiB
10374 MiB
10374 MiB
10374 MiB
10374 MiB
10374 MiB
10374 MiB
10374 MiB
10374 MiB
10374 MiB
10374 MiB
10374 MiB
10374 MiB
10374 MiB
10374 MiB
10374 MiB
10374 MiB
10374 MiB
10374 MiB
10374 MiB
10374 MiB
10374 MiB
10374 MiB
10374 MiB
10374 MiB
10374 MiB
10374 MiB
10374 MiB
10374 MiB
10374 MiB
10374 MiB
10374 MiB
10374 MiB
10374 MiB
10374 MiB
10374 MiB
10374 MiB
10374 MiB
10374 MiB
10374 MiB
10374 MiB
10374 MiB
10374 MiB
10374 MiB
10374 MiB
10374 MiB
10374 MiB
10374 MiB
10374 MiB
10374 MiB
10374 MiB
10374 MiB
10374 MiB
10374 MiB
10374 MiB
10374 MiB
10374 MiB
10374 MiB
10374 MiB
10374 MiB
10374 MiB
10374 MiB
10374 MiB
10374 MiB
10374 MiB
10374 MiB
10374 MiB
10374 MiB
10374 MiB
10374 MiB
10374 MiB
10374 MiB
10374 MiB
10374 MiB
10374 MiB
10374 MiB
10374 MiB
10374 MiB
10374 MiB
10374 MiB
10374 MiB
10374 MiB
10374 MiB
10374 MiB
10374 MiB
10374 MiB
10374 MiB
10374 MiB
10374 MiB
10374 MiB
10374 MiB
10374 MiB
10374 MiB
10374 MiB
10374 MiB
10374 MiB
10374 MiB
10374 MiB
10374 MiB
10374 MiB
10374 MiB
10374 MiB
10374 MiB
10374 MiB
10374 MiB
10374 MiB
10374 MiB
10374 MiB
10374 MiB
10374 MiB
10374 MiB
10374 MiB
10374 MiB
10374 MiB
10374 MiB
10374 MiB
10374 MiB
10374 MiB
10374 MiB
10374 MiB
10374 MiB
10374 MiB
10374 MiB
10374 MiB
10374 MiB
10374 MiB
10374 MiB
10374 MiB
10374 MiB
10374 MiB
10374 MiB
10374 MiB
10374 MiB
10374 MiB
10374 MiB
10374 MiB
10374 MiB
10374 MiB
10374 MiB
10374 MiB
10374 MiB
10374 MiB
10374 MiB
10374 MiB
10374 MiB
10374 MiB
10374 MiB
10374 MiB
10374 MiB
10374 MiB
10374 MiB
10374 MiB
10374 MiB
10374 MiB
10374 MiB
10374 MiB
10374 MiB
10374 MiB
10374 MiB
10374 MiB
10374 MiB
10374 MiB
10374 MiB
10374 MiB
10374 MiB
10374 MiB
10374 MiB
10374 MiB
10374 MiB
10374 MiB
10374 MiB
10374 MiB
10374 MiB
10374 MiB
10374 MiB
10374 MiB
10374 MiB
10374 MiB
10374 MiB
10374 MiB
10374 MiB
10374 MiB
10374 MiB
10374 MiB
10374 MiB
10374 MiB
10374 MiB
10374 MiB
10374 MiB
10374 MiB
10374 MiB
10374 MiB
10374 MiB
10374 MiB
10374 MiB
10374 MiB
10374 MiB
10374 MiB
10374 MiB
10374 MiB
10374 MiB
10374 MiB
10374 MiB
10374 MiB
10374 MiB
10374 MiB
10374 MiB
10374 MiB
10374 MiB
10374 MiB
10374 MiB
10374 MiB
10374 MiB
10374 MiB
10374 MiB
10374 MiB
10374 MiB
10374 MiB
10374 MiB
10374 MiB
10374 MiB
10374 MiB
10374 MiB
10374 MiB
10374 MiB
10374 MiB
10374 MiB
10374 MiB
10374 MiB
10374 MiB
10374 MiB
10374 MiB
10374 MiB
10374 MiB
10374 MiB
10374 MiB
10374 MiB
10374 MiB
10374 MiB
10374 MiB
10374 MiB
10374 MiB
10374 MiB
10374 MiB
10374 MiB
10374 MiB
10374 MiB
10374 MiB
10374 MiB
10374 MiB
10374 MiB
10374 MiB
10374 MiB
10374 MiB
10374 MiB
10374 MiB
10374 MiB
10374 MiB
10374 MiB
10374 MiB
10374 MiB
10374 MiB
10374 MiB
10374 MiB
10374 MiB
10374 MiB
10374 MiB
10374 MiB
10374 MiB
10374 MiB
10374 MiB
10374 MiB
10374 MiB
10374 MiB
10374 MiB
10374 MiB
10374 MiB
10374 MiB
10374 MiB
10374 MiB
10374 MiB
10374 MiB
10374 MiB
10374 MiB
10374 MiB
10374 MiB
10374 MiB
10374 MiB
10374 MiB
10374 MiB
10374 MiB
10374 MiB
10374 MiB
10374 MiB
10374 MiB
10374 MiB
10374 MiB
10374 MiB
10374 MiB
10374 MiB
10374 MiB
10374 MiB
10374 MiB
10374 MiB
10374 MiB
10374 MiB
10374 MiB
10374 MiB
10374 MiB
10374 MiB
10374 MiB
10374 MiB
10374 MiB
10374 MiB
10374 MiB
10374 MiB
10374 MiB
10374 MiB
10374 MiB
10374 MiB
10374 MiB
10374 MiB
10374 MiB
10374 MiB
10374 MiB
10374 MiB
10374 MiB
10374 MiB
10374 MiB
10374 MiB
10374 MiB
10374 MiB
10374 MiB
10374 MiB
10374 MiB
10374 MiB
10374 MiB
10374 MiB
10374 MiB
10374 MiB
10374 MiB
10374 MiB
10374 MiB
10374 MiB
10374 MiB
10374 MiB
10374 MiB
10374 MiB
10374 MiB
10374 MiB
10374 MiB
10374 MiB
10374 MiB
10374 MiB
10374 MiB
10374 MiB
10374 MiB
10374 MiB
10374 MiB
10374 MiB
10374 MiB
10374 MiB
10374 MiB
10374 MiB
10374 MiB
10374 MiB
10374 MiB
10374 MiB
10374 MiB
10374 MiB
10374 MiB
10374 MiB
10374 MiB
10374 MiB
10374 MiB
10374 MiB
10374 MiB
10374 MiB
10374 MiB
10374 MiB
10374 MiB
10374 MiB
10374 MiB
10374 MiB
10374 MiB
10374 MiB
10374 MiB
10374 MiB
10374 MiB
