1 MiB
1 MiB
1 MiB
1 MiB
1 MiB
4 MiB
4 MiB
4 MiB
4 MiB
356 MiB
356 MiB
356 MiB
356 MiB
356 MiB
356 MiB
356 MiB
7014 MiB
7142 MiB
7256 MiB
7368 MiB
7470 MiB
7554 MiB
7652 MiB
7756 MiB
7852 MiB
7948 MiB
8046 MiB
8146 MiB
8220 MiB
8314 MiB
8412 MiB
8516 MiB
8614 MiB
8716 MiB
8784 MiB
8884 MiB
8980 MiB
9080 MiB
9178 MiB
9270 MiB
9336 MiB
9438 MiB
9542 MiB
9644 MiB
9746 MiB
9840 MiB
9920 MiB
9980 MiB
10088 MiB
10192 MiB
10198 MiB
10198 MiB
10198 MiB
10198 MiB
10208 MiB
10220 MiB
10268 MiB
10270 MiB
10274 MiB
10274 MiB
10276 MiB
10278 MiB
10278 MiB
10284 MiB
10284 MiB
10290 MiB
10290 MiB
10290 MiB
10290 MiB
10290 MiB
10292 MiB
10304 MiB
10304 MiB
10304 MiB
10304 MiB
10304 MiB
10304 MiB
10304 MiB
10304 MiB
10304 MiB
10304 MiB
10304 MiB
10304 MiB
10304 MiB
10304 MiB
10304 MiB
10304 MiB
10304 MiB
10304 MiB
10304 MiB
10304 MiB
10304 MiB
10304 MiB
10304 MiB
10306 MiB
10306 MiB
10306 MiB
10306 MiB
10306 MiB
10306 MiB
10306 MiB
10306 MiB
10306 MiB
10306 MiB
10306 MiB
10306 MiB
10306 MiB
10306 MiB
10306 MiB
10306 MiB
10306 MiB
10306 MiB
10306 MiB
10306 MiB
10306 MiB
10306 MiB
10306 MiB
10306 MiB
10306 MiB
10306 MiB
10306 MiB
10306 MiB
10306 MiB
10306 MiB
10306 MiB
10306 MiB
10306 MiB
10306 MiB
10306 MiB
10306 MiB
10306 MiB
10306 MiB
10306 MiB
10306 MiB
10306 MiB
10306 MiB
10306 MiB
10306 MiB
10306 MiB
10306 MiB
10306 MiB
10306 MiB
10306 MiB
10306 MiB
10306 MiB
10306 MiB
10306 MiB
10306 MiB
10306 MiB
10306 MiB
10306 MiB
10306 MiB
10306 MiB
10306 MiB
10306 MiB
10306 MiB
10306 MiB
10306 MiB
10306 MiB
10306 MiB
10306 MiB
10306 MiB
10306 MiB
10306 MiB
10306 MiB
10306 MiB
10306 MiB
10306 MiB
10306 MiB
10306 MiB
10306 MiB
10306 MiB
10306 MiB
10306 MiB
10306 MiB
10306 MiB
10306 MiB
10306 MiB
10306 MiB
10306 MiB
10306 MiB
10306 MiB
10306 MiB
10306 MiB
10306 MiB
10306 MiB
10306 MiB
10306 MiB
10306 MiB
10306 MiB
10306 MiB
10306 MiB
10306 MiB
10306 MiB
10306 MiB
10306 MiB
10306 MiB
10306 MiB
10306 MiB
10306 MiB
10306 MiB
10306 MiB
10306 MiB
10306 MiB
10306 MiB
10306 MiB
10306 MiB
10306 MiB
10306 MiB
10306 MiB
10306 MiB
10306 MiB
10306 MiB
10306 MiB
10306 MiB
10306 MiB
10306 MiB
10306 MiB
10306 MiB
10306 MiB
10306 MiB
10306 MiB
10306 MiB
10306 MiB
10306 MiB
10306 MiB
10306 MiB
10306 MiB
10306 MiB
10306 MiB
10306 MiB
10306 MiB
10306 MiB
10306 MiB
10306 MiB
10306 MiB
10306 MiB
10306 MiB
10306 MiB
10306 MiB
10306 MiB
10306 MiB
10306 MiB
10306 MiB
10306 MiB
10306 MiB
10306 MiB
10306 MiB
10306 MiB
10306 MiB
10306 MiB
10306 MiB
10306 MiB
10306 MiB
10306 MiB
10306 MiB
10306 MiB
10306 MiB
10306 MiB
10306 MiB
10306 MiB
10306 MiB
10306 MiB
10306 MiB
10306 MiB
10306 MiB
10306 MiB
10306 MiB
