1 MiB
1 MiB
1 MiB
1 MiB
1 MiB
1 MiB
1 MiB
4 MiB
4 MiB
4 MiB
356 MiB
356 MiB
356 MiB
13554 MiB
13612 MiB
13612 MiB
13612 MiB
13612 MiB
13612 MiB
13612 MiB
13614 MiB
13614 MiB
13614 MiB
13614 MiB
13614 MiB
13614 MiB
13614 MiB
13614 MiB
13614 MiB
13614 MiB
13614 MiB
13616 MiB
13616 MiB
13616 MiB
13616 MiB
13636 MiB
13636 MiB
13636 MiB
13640 MiB
13640 MiB
13640 MiB
13650 MiB
13824 MiB
13824 MiB
13946 MiB
14068 MiB
14068 MiB
14068 MiB
14068 MiB
14212 MiB
14212 MiB
14212 MiB
14398 MiB
14398 MiB
14398 MiB
14398 MiB
14398 MiB
14398 MiB
14398 MiB
14398 MiB
14398 MiB
14398 MiB
14398 MiB
14398 MiB
14398 MiB
14398 MiB
14398 MiB
14398 MiB
14398 MiB
14398 MiB
14398 MiB
14602 MiB
14602 MiB
14602 MiB
14602 MiB
14602 MiB
14602 MiB
14602 MiB
14602 MiB
14602 MiB
14602 MiB
14602 MiB
14602 MiB
14602 MiB
14602 MiB
14602 MiB
14602 MiB
14602 MiB
14602 MiB
14602 MiB
14602 MiB
14602 MiB
14602 MiB
14602 MiB
14602 MiB
14602 MiB
14602 MiB
14602 MiB
14602 MiB
14602 MiB
14602 MiB
14602 MiB
14602 MiB
14602 MiB
14602 MiB
14602 MiB
14602 MiB
14602 MiB
14602 MiB
14602 MiB
14602 MiB
14602 MiB
14602 MiB
14602 MiB
14602 MiB
14602 MiB
14602 MiB
14602 MiB
14602 MiB
14602 MiB
14602 MiB
14602 MiB
14602 MiB
14602 MiB
14602 MiB
14602 MiB
14602 MiB
14602 MiB
14602 MiB
14602 MiB
14602 MiB
14602 MiB
14602 MiB
14602 MiB
14602 MiB
14602 MiB
14602 MiB
14602 MiB
14602 MiB
14602 MiB
14602 MiB
14602 MiB
14602 MiB
14602 MiB
14602 MiB
14602 MiB
14602 MiB
14602 MiB
14602 MiB
14602 MiB
14602 MiB
14602 MiB
14602 MiB
14602 MiB
14602 MiB
14602 MiB
14602 MiB
14602 MiB
14602 MiB
14602 MiB
14602 MiB
14602 MiB
14602 MiB
14602 MiB
14602 MiB
14602 MiB
14602 MiB
14602 MiB
14602 MiB
14602 MiB
14602 MiB
14602 MiB
14602 MiB
14602 MiB
14602 MiB
14602 MiB
14602 MiB
14602 MiB
14602 MiB
14602 MiB
14602 MiB
14602 MiB
14602 MiB
14602 MiB
14602 MiB
14602 MiB
14602 MiB
14602 MiB
14602 MiB
14602 MiB
14602 MiB
14602 MiB
14602 MiB
14602 MiB
14602 MiB
14602 MiB
14602 MiB
