1 MiB
1 MiB
1 MiB
1 MiB
1 MiB
4 MiB
4 MiB
4 MiB
4 MiB
356 MiB
356 MiB
356 MiB
356 MiB
356 MiB
356 MiB
356 MiB
356 MiB
356 MiB
356 MiB
3750 MiB
3802 MiB
3802 MiB
3802 MiB
3802 MiB
3882 MiB
3882 MiB
3968 MiB
3968 MiB
4050 MiB
4050 MiB
4050 MiB
4052 MiB
4052 MiB
4052 MiB
4052 MiB
4052 MiB
4052 MiB
4052 MiB
4052 MiB
4052 MiB
4052 MiB
4052 MiB
4052 MiB
4052 MiB
4052 MiB
4052 MiB
4052 MiB
4052 MiB
4052 MiB
4052 MiB
4052 MiB
4052 MiB
4052 MiB
4052 MiB
4052 MiB
4052 MiB
4052 MiB
4052 MiB
4052 MiB
4052 MiB
4052 MiB
4052 MiB
4052 MiB
4052 MiB
4052 MiB
4052 MiB
4052 MiB
4052 MiB
4052 MiB
4052 MiB
4052 MiB
4052 MiB
4052 MiB
4052 MiB
4052 MiB
4052 MiB
4052 MiB
4052 MiB
4052 MiB
4052 MiB
4052 MiB
4052 MiB
4052 MiB
4052 MiB
4052 MiB
4052 MiB
4052 MiB
4052 MiB
4052 MiB
4052 MiB
4052 MiB
4052 MiB
4052 MiB
4052 MiB
4052 MiB
4052 MiB
4052 MiB
4052 MiB
4052 MiB
4052 MiB
4052 MiB
4052 MiB
