1 MiB
1 MiB
1 MiB
1 MiB
1 MiB
4 MiB
4 MiB
4 MiB
4 MiB
356 MiB
356 MiB
356 MiB
356 MiB
356 MiB
356 MiB
356 MiB
356 MiB
356 MiB
356 MiB
356 MiB
356 MiB
2054 MiB
2126 MiB
2140 MiB
2142 MiB
2142 MiB
2176 MiB
2176 MiB
2176 MiB
2248 MiB
2264 MiB
2264 MiB
2264 MiB
2346 MiB
2346 MiB
2346 MiB
2350 MiB
2350 MiB
2350 MiB
2350 MiB
2350 MiB
2350 MiB
2350 MiB
2350 MiB
2350 MiB
2350 MiB
2350 MiB
2350 MiB
2350 MiB
2350 MiB
2350 MiB
2350 MiB
2350 MiB
2350 MiB
2350 MiB
2350 MiB
2350 MiB
2350 MiB
2350 MiB
2350 MiB
2350 MiB
2350 MiB
2350 MiB
2350 MiB
2350 MiB
2350 MiB
2350 MiB
2350 MiB
2350 MiB
2350 MiB
2350 MiB
2350 MiB
2350 MiB
2350 MiB
2350 MiB
2350 MiB
2350 MiB
2350 MiB
2350 MiB
2350 MiB
2350 MiB
2350 MiB
2350 MiB
2350 MiB
2350 MiB
2350 MiB
2350 MiB
2350 MiB
2350 MiB
2350 MiB
2350 MiB
2350 MiB
2350 MiB
2350 MiB
2350 MiB
2350 MiB
2350 MiB
2350 MiB
2350 MiB
2350 MiB
2350 MiB
2350 MiB
2350 MiB
2350 MiB
2350 MiB
2350 MiB
2350 MiB
2350 MiB
2350 MiB
2350 MiB
2350 MiB
2350 MiB
2350 MiB
2350 MiB
2350 MiB
2350 MiB
2350 MiB
2350 MiB
2350 MiB
2350 MiB
2350 MiB
2350 MiB
2350 MiB
2350 MiB
2350 MiB
2350 MiB
2350 MiB
2350 MiB
2350 MiB
2350 MiB
2350 MiB
2350 MiB
2350 MiB
2350 MiB
2350 MiB
2350 MiB
2350 MiB
2350 MiB
2350 MiB
2350 MiB
2350 MiB
